{"argv": ["/home/server/miniconda3/envs/isaacsim-5.1/bin/python", "-B", ".agents/skills/monitor-tune-isaaclab-training/scripts/rsl_rl_export_policy.py", "--task", "RobotLab-Isaac-Velocity-Flat-LW-wheel-Roa-v0", "--run_id", "2026-09-16_15-12-04", "--export_run_id", "deploy-20260917-001", "--checkpoint_id", "model_49999", "--checkpoint", "/home/server/liufengrong/robot_lab/logs/rsl_rl/LW_wheel_flat_roa/2026-09-16_15-12-04/model_49999.pt", "--checkpoint_sha256", "6574370ca9df2dcc49a9ec0caa74172b94af2eb7d2bb66487eccc1a442fab5d8", "--selection_receipt_path", "/home/server/liufengrong/robot_lab/learnings/policy_tuning/RobotLab-Isaac-Velocity-Flat-LW-wheel-Roa-v0/2026-09-16_15-12-04/evidence/checkpoint_selection/selection-deploy-20260917-001.json", "--selection_receipt_sha256", "6c1875a79716c4e38c94266d7fd71a5f5f6a3a83ce3e4f40d34eafefdf2d9deb", "--jit_path", "/home/server/liufengrong/robot_lab/learnings/policy_tuning/RobotLab-Isaac-Velocity-Flat-LW-wheel-Roa-v0/2026-09-16_15-12-04/evidence/export/deploy-20260917-001/policy.pt", "--onnx_path", "/home/server/liufengrong/robot_lab/learnings/policy_tuning/RobotLab-Isaac-Velocity-Flat-LW-wheel-Roa-v0/2026-09-16_15-12-04/evidence/export/deploy-20260917-001/policy.onnx", "--result_path", "/home/server/liufengrong/robot_lab/learnings/policy_tuning/RobotLab-Isaac-Velocity-Flat-LW-wheel-Roa-v0/2026-09-16_15-12-04/evidence/export/deploy-20260917-001/receipt.json", "--history_contract", "flat_time_major_history", "--normalization_contract", "current_frame_only", "--reset_contract", "environment_history_reset", "--onnx_export_profile", "static_batch_1_simplified", "--parity_steps", "8", "--reset_step", "4", "--minimum_parity_samples", "8", "--max_abs_action_error", "1e-5", "--num_envs", "1", "--seed", "42", "--require_idle_gpu", "--headless"]}
[INFO][AppLauncher]: Using device: cuda:0
[INFO][AppLauncher]: Loading experience file: /home/server/liufengrong/IsaacLab-2.3.2/apps/isaaclab.python.headless.kit
[INFO]: Parsing configuration from: robot_lab.tasks.manager_based.locomotion.velocity.config.LW.LW_Wheel.flat_env_cfg:LWWheelFlatRoaEnvCfg
[INFO]: Parsing configuration from: robot_lab.tasks.manager_based.locomotion.velocity.config.LW.LW_Wheel.agents.rsl_rl_roa_cfg:LWWheelFlatRoaRunnerCfg

[36m======================================================================================[0m
[36m[1m[INFO][IsaacLab]: Logging to file: /tmp/isaaclab/logs/isaaclab_2026-09-17_15-07-36.log[0m
[36m======================================================================================[0m

[33m15:07:36 [simulation_context.py] WARNING: The `enable_external_forces_every_iteration` parameter in the PhysxCfg is set to False. If you are experiencing noisy velocities, consider enabling this flag. You may need to slightly increase the number of velocity iterations (setting it to 1 or 2 rather than 0), together with this flag, to improve the accuracy of velocity updates.[0m
[INFO]: Base environment:
	Environment device    : cuda:0
	Environment seed      : 42
	Physics step-size     : 0.005
	Rendering step-size   : 0.02
	Environment step-size : 0.02
[INFO] Generating terrains based on curriculum took : 0.431888 seconds
[INFO]: Time taken for scene creation : 0.956426 seconds
[INFO]: Scene manager:  <class InteractiveScene>
	Number of environments: 1
	Environment spacing   : 2.5
	Source prim name      : /World/envs/env_0
	Global prim paths     : ['/World/ground']
	Replicate physics     : True
[INFO]: Starting the simulation. This may take a few seconds. Please wait...
[INFO]: Time taken for simulation start : 0.934457 seconds
[33m15:07:41 [velocity_command.py] WARNING: The velocity command has the 'ranges.heading' attribute set to '(-1.5707963267948966, 1.5707963267948966)' but the heading command is not active. Consider setting the flag for the heading command to True.[0m
[INFO] Command Manager:  <CommandManager> contains 1 active terms.
+------------------------------------------------+
|              Active Command Terms              |
+-------+---------------+------------------------+
| Index | Name          |          Type          |
+-------+---------------+------------------------+
|   0   | base_velocity | UniformVelocityCommand |
+-------+---------------+------------------------+

[INFO] Event Manager:  <EventManager> contains 3 active terms.
+------------------------------------------+
|  Active Event Terms in Mode: 'startup'   |
+-------+----------------------------------+
| Index | Name                             |
+-------+----------------------------------+
|   0   | randomize_rigid_body_material    |
|   1   | randomize_rigid_body_mass_base   |
|   2   | randomize_rigid_body_mass_others |
|   3   | randomize_com_positions          |
|   4   | add_joint_default_pos            |
+-------+----------------------------------+
+--------------------------------------+
| Active Event Terms in Mode: 'reset'  |
+--------+-----------------------------+
| Index  | Name                        |
+--------+-----------------------------+
|   0    | randomize_reset_joints      |
|   1    | randomize_actuator_gains    |
|   2    | randomize_reset_base        |
+--------+-----------------------------+
+--------------------------------------------------------+
|         Active Event Terms in Mode: 'interval'         |
+-------+----------------------+-------------------------+
| Index | Name                 | Interval time range (s) |
+-------+----------------------+-------------------------+
|   0   | randomize_push_robot |       (5.0, 10.0)       |
+-------+----------------------+-------------------------+

[INFO] Recorder Manager:  <RecorderManager> contains 0 active terms.
+---------------------+
| Active Recorder Terms |
+-----------+---------+
|   Index   | Name    |
+-----------+---------+
+-----------+---------+

[INFO] Action Manager:  <ActionManager> contains 2 active terms.
+------------------------------------+
|  Active Action Terms (shape: 10)   |
+--------+-------------+-------------+
| Index  | Name        |   Dimension |
+--------+-------------+-------------+
|   0    | joint_pos   |           8 |
|   1    | joint_vel   |           2 |
+--------+-------------+-------------+

[INFO] Observation Manager: <ObservationManager> contains 3 groups.
+-------------------------------------------------------------+
| Active Observation Terms in Group: 'policy' (shape: (10, 39)) |
+-----------+--------------------------------+----------------+
|   Index   | Name                           |     Shape      |
+-----------+--------------------------------+----------------+
|     0     | base_ang_vel                   |    (10, 3)     |
|     1     | projected_gravity              |    (10, 3)     |
|     2     | velocity_commands              |    (10, 3)     |
|     3     | joint_pos                      |    (10, 10)    |
|     4     | joint_vel                      |    (10, 10)    |
|     5     | actions                        |    (10, 10)    |
+-----------+--------------------------------+----------------+
+---------------------------------------------------------+
| Active Observation Terms in Group: 'critic' (shape: (72,)) |
+-----------+---------------------------------+-----------+
|   Index   | Name                            |   Shape   |
+-----------+---------------------------------+-----------+
|     0     | base_ang_vel                    |    (3,)   |
|     1     | projected_gravity               |    (3,)   |
|     2     | velocity_commands               |    (3,)   |
|     3     | joint_pos                       |   (10,)   |
|     4     | joint_vel                       |   (10,)   |
|     5     | actions                         |   (10,)   |
|     6     | base_lin_vel                    |    (3,)   |
|     7     | base_mass                       |    (1,)   |
|     8     | feet_material                   |    (6,)   |
|     9     | actuator_gains                  |   (20,)   |
|     10    | base_com                        |    (3,)   |
+-----------+---------------------------------+-----------+
+-----------------------------------------------------------+
| Active Observation Terms in Group: 'privileged' (shape: (30,)) |
+-------------+-------------------------------+-------------+
|    Index    | Name                          |    Shape    |
+-------------+-------------------------------+-------------+
|      0      | base_mass                     |     (1,)    |
|      1      | feet_material                 |     (6,)    |
|      2      | actuator_gains                |    (20,)    |
|      3      | base_com                      |     (3,)    |
+-------------+-------------------------------+-------------+

[INFO] Termination Manager:  <TerminationManager> contains 3 active terms.
+------------------------------------------+
|         Active Termination Terms         |
+-------+-----------------------+----------+
| Index | Name                  | Time Out |
+-------+-----------------------+----------+
|   0   | time_out              |   True   |
|   1   | terrain_out_of_bounds |   True   |
|   2   | illegal_contact       |  False   |
+-------+-----------------------+----------+

[INFO] Reward Manager:  <RewardManager> contains 30 active terms.
+----------------------------------------------+
|             Active Reward Terms              |
+-------+--------------------------+-----------+
| Index | Name                     |    Weight |
+-------+--------------------------+-----------+
|   0   | is_terminated            |    -200.0 |
|   1   | lin_vel_z_l2             |      -1.0 |
|   2   | ang_vel_xy_l2            |      -0.1 |
|   3   | flat_orientation_l2      |      -5.0 |
|   4   | base_height_l2           |     -15.0 |
|   5   | joint_torques_l2         | -1.25e-05 |
|   6   | joint_vel_l2             |    -5e-05 |
|   7   | joint_acc_l2             |  -2.5e-07 |
|   8   | joint_pos_limits         |      -2.0 |
|   9   | joint_vel_limits         |      -2.0 |
|   10  | joint_power              |    -2e-05 |
|   11  | action_rate_l2           |      -0.2 |
|   12  | undesired_contacts       |      -5.0 |
|   13  | track_lin_vel_xy_exp     |       4.0 |
|   14  | track_ang_vel_z_exp      |       3.0 |
|   15  | feet_distance_y_exp      |       3.0 |
|   16  | joint_vel_wheel_l2       |   -0.0005 |
|   17  | joint_acc_wheel_l2       |  -1.5e-07 |
|   18  | joint_torques_wheel_l2   |  -0.00016 |
|   19  | leg_symmetry             |       0.5 |
|   20  | same_foot_x_position     |     -50.0 |
|   21  | action_smoothness        |    -0.075 |
|   22  | feet_distance_penalize   |    -150.0 |
|   23  | stop_motion              |      -5.0 |
|   24  | keep_alive               |       1.0 |
|   25  | joint_deviation_hip      |      -0.3 |
|   26  | joint_deviation_ankle    |      -1.0 |
|   27  | joint_deviation_legs     |      -0.4 |
|   28  | body_orientation_l2      |      -3.0 |
|   29  | centrifugal_compensation |       3.0 |
+-------+--------------------------+-----------+

[INFO] Curriculum Manager:  <CurriculumManager> contains 1 active terms.
+---------------------------+
|  Active Curriculum Terms  |
+--------+------------------+
| Index  | Name             |
+--------+------------------+
|   0    | terrain_levels   |
+--------+------------------+

[INFO]: Completed setting up the environment...
--------------------------------------------------------------------------------
Resolved observation sets: 
	 policy :  ['policy']
	 critic :  ['critic']
	 privileged :  ['privileged']
--------------------------------------------------------------------------------
ActorCriticROA.__init__ 收到未知参数，将被忽略: ['state_dependent_std']
[INFO] Export receipt: /home/server/liufengrong/robot_lab/learnings/policy_tuning/RobotLab-Isaac-Velocity-Flat-LW-wheel-Roa-v0/2026-09-16_15-12-04/evidence/export/deploy-20260917-001/receipt.json
Loading user config located at: '/home/server/miniconda3/envs/isaacsim-5.1/lib/python3.11/site-packages/isaacsim/kit/data/Kit/Isaac-Sim/5.1/user.config.json'
[Info] [carb] Logging to file: /home/server/miniconda3/envs/isaacsim-5.1/lib/python3.11/site-packages/isaacsim/kit/logs/Kit/Isaac-Sim/5.1/kit_20260917_150731.log
2026-09-17T07:07:31Z [48ms] [Warning] [omni.usd_config.extension] Enable omni.materialx.libs extension to use MaterialX
2026-09-17T07:07:32Z [301ms] [Warning] [carb] Acquiring non optional plugin interface which is not listed as dependency: [omni::physx::IPhysxBenchmarks v1.0] (plugin: <default plugin>), by client: omni.physics.physx.plugin. Add it to CARB_PLUGIN_IMPL_DEPS() macro of a client.
2026-09-17T07:07:32Z [306ms] [Warning] [omni.isaac.dynamic_control] omni.isaac.dynamic_control is deprecated as of Isaac Sim 4.5. No action is needed from end-users.
2026-09-17T07:07:34Z [2,888ms] [Warning] [gpu.foundation.plugin] Skipping unsupported non-NVIDIA GPU: Intel(R) Graphics (ARL)
2026-09-17T07:07:34Z [2,888ms] [Warning] [gpu.foundation.plugin] Skipping unsupported non-NVIDIA GPU: Intel(R) Graphics (ARL)

|---------------------------------------------------------------------------------------------|
| Driver Version: 580.173.02    | Graphics API: Vulkan
|=============================================================================================|
| GPU | Name                             | Active | LDA | GPU Memory | Vendor-ID | LUID       |
|     |                                  |        |     |            | Device-ID | UUID       |
|     |                                  |        |     |            | Bus-ID    |            |
|---------------------------------------------------------------------------------------------|
| 0   | NVIDIA GeForce RTX 5090 D        | Yes: 0 |     | 32607   MB | 10de      | 0          |
|     |                                  |        |     |            | 2b87      | efbac165.. |
|     |                                  |        |     |            | 2         |            |
|---------------------------------------------------------------------------------------------|
| 1   | Intel(R) Graphics (ARL)          |        |     | 71857   MB | 8086      | 0          |
|     |                                  |        |     |            | 7d67      | 8680677d.. |
|     |                                  |        |     |            | 0         |            |
|=============================================================================================|
| OS: 24.04.4 LTS (Noble Numbat) ubuntu, Version: 24.04.4, Kernel: 7.0.0-28-generic
| XServer Vendor: The X.Org Foundation, XServer Version: 12101011 (1.21.1.11)
| Processor: Intel(R) Core(TM) Ultra 7 265K
| Cores: 20 | Logical Cores: 20
|---------------------------------------------------------------------------------------------|
| Total Memory (MB): 95810 | Free Memory: 88144
| Total Page/Swap (MB): 8191 | Free Page/Swap: 8191
|---------------------------------------------------------------------------------------------|
2026-09-17T07:07:34Z [3,078ms] [Warning] [gpu.foundation.plugin] CPU performance profile is set to powersave. This profile sets the CPU to the lowest frequency reducing performance.
2026-09-17T07:07:34Z [3,094ms] [Warning] [gpu.foundation.plugin] IOMMU is enabled.
2026-09-17T07:07:34Z [3,094ms] [Warning] [gpu.foundation.plugin] Detected IOMMU is enabled. Running CUDA peer-to-peer bandwidth and latency validation.
Unidirectional P2P=Enabled Bandwidth (P2P Writes) Matrix (GB/s)
   D\D     0 
     0 1522.90 
P2P=Enabled Latency (P2P Writes) Matrix (us)
   GPU     0 
     0   2.06 

   CPU     0 
     0   1.58 
2026-09-17T07:07:41Z [9,430ms] [Warning] [omni.physx.fabric.plugin] FabricManager::initializePointInstancer mismatched prototypes on point instancer: /Visuals/Command/velocity_goal.
2026-09-17T07:07:41Z [9,430ms] [Warning] [omni.physx.fabric.plugin] FabricManager::initializePointInstancer mismatched prototypes on point instancer: /Visuals/Command/velocity_current.
