[INFO][AppLauncher]: Using device: cuda:0
[INFO][AppLauncher]: Loading experience file: /home/young/liufengrong/IsaacLab-2.3.2/apps/isaaclab.python.headless.rendering.kit
[INFO]: Parsing configuration from: robot_lab.tasks.manager_based.locomotion.velocity.config.LW.LW_Leg.flat_env_cfg:LWLegFlatAmpRoaEnvCfg
[INFO]: Parsing configuration from: robot_lab.tasks.manager_based.locomotion.velocity.config.LW.LW_Leg.agents.rsl_rl_amp_roa_cfg:LWFlatAmpRoaRunnerCfg

[36m======================================================================================[0m
[36m[1m[INFO][IsaacLab]: Logging to file: /tmp/isaaclab/logs/isaaclab_2026-09-07_22-08-02.log[0m
[36m======================================================================================[0m

[33m22:08:02 [simulation_context.py] WARNING: The `enable_external_forces_every_iteration` parameter in the PhysxCfg is set to False. If you are experiencing noisy velocities, consider enabling this flag. You may need to slightly increase the number of velocity iterations (setting it to 1 or 2 rather than 0), together with this flag, to improve the accuracy of velocity updates.[0m
[INFO]: Base environment:
	Environment device    : cuda:0
	Environment seed      : 42
	Physics step-size     : 0.005
	Rendering step-size   : 0.02
	Environment step-size : 0.02
[INFO] Generating terrains based on curriculum took : 0.064948 seconds
[INFO]: Time taken for scene creation : 0.229015 seconds
[INFO]: Scene manager:  <class InteractiveScene>
	Number of environments: 1
	Environment spacing   : 2.5
	Source prim name      : /World/envs/env_0
	Global prim paths     : ['/World/ground']
	Replicate physics     : True
[INFO]: Starting the simulation. This may take a few seconds. Please wait...
[INFO]: Time taken for simulation start : 3.890272 seconds
[33m22:08:06 [velocity_command.py] WARNING: The velocity command has the 'ranges.heading' attribute set to '(-0.5235987755982988, 0.5235987755982988)' but the heading command is not active. Consider setting the flag for the heading command to True.[0m
/home/young/miniconda3/envs/isaacsim-5.1/lib/python3.11/site-packages/gymnasium/wrappers/rendering.py:293: UserWarning: [33mWARN: Overwriting existing videos at /home/young/liufengrong/robot_lab/learnings/policy_tuning/RobotLab-Isaac-Velocity-Flat-LW-leg-Amp-Roa-v0/2026-09-04_11-16-35/evidence/play/turn-followup-right-ramp-20260907-001/.attempt folder (try specifying a different `video_folder` for the `RecordVideo` wrapper if this is not desired)[0m
  logger.warn(
[INFO] Command Manager:  <CommandManager> contains 1 active terms.
+------------------------------------------------+
|              Active Command Terms              |
+-------+---------------+------------------------+
| Index | Name          |          Type          |
+-------+---------------+------------------------+
|   0   | base_velocity | UniformVelocityCommand |
+-------+---------------+------------------------+

[INFO] Event Manager:  <EventManager> contains 2 active terms.
+------------------------------------------+
|  Active Event Terms in Mode: 'startup'   |
+-------+----------------------------------+
| Index | Name                             |
+-------+----------------------------------+
|   0   | randomize_rigid_body_material    |
|   1   | randomize_rigid_body_mass_base   |
|   2   | randomize_rigid_body_mass_others |
|   3   | randomize_com_positions          |
|   4   | add_joint_default_pos            |
+-------+----------------------------------+
+--------------------------------------+
| Active Event Terms in Mode: 'reset'  |
+--------+-----------------------------+
| Index  | Name                        |
+--------+-----------------------------+
|   0    | randomize_reset_joints      |
|   1    | randomize_actuator_gains    |
|   2    | randomize_reset_base        |
+--------+-----------------------------+

[INFO] Recorder Manager:  <RecorderManager> contains 0 active terms.
+---------------------+
| Active Recorder Terms |
+-----------+---------+
|   Index   | Name    |
+-----------+---------+
+-----------+---------+

[INFO] Action Manager:  <ActionManager> contains 2 active terms.
+------------------------------------+
|  Active Action Terms (shape: 10)   |
+--------+-------------+-------------+
| Index  | Name        |   Dimension |
+--------+-------------+-------------+
|   0    | joint_pos   |           8 |
|   1    | joint_vel   |           2 |
+--------+-------------+-------------+

[INFO] Observation Manager: <ObservationManager> contains 4 groups.
+-------------------------------------------------------------+
| Active Observation Terms in Group: 'policy' (shape: (10, 41)) |
+-----------+--------------------------------+----------------+
|   Index   | Name                           |     Shape      |
+-----------+--------------------------------+----------------+
|     0     | base_ang_vel                   |    (10, 3)     |
|     1     | projected_gravity              |    (10, 3)     |
|     2     | velocity_commands              |    (10, 3)     |
|     3     | joint_pos                      |    (10, 10)    |
|     4     | joint_vel                      |    (10, 10)    |
|     5     | actions                        |    (10, 10)    |
|     6     | gait_phase                     |    (10, 2)     |
+-----------+--------------------------------+----------------+
+---------------------------------------------------------+
| Active Observation Terms in Group: 'critic' (shape: (74,)) |
+-----------+---------------------------------+-----------+
|   Index   | Name                            |   Shape   |
+-----------+---------------------------------+-----------+
|     0     | base_ang_vel                    |    (3,)   |
|     1     | projected_gravity               |    (3,)   |
|     2     | velocity_commands               |    (3,)   |
|     3     | joint_pos                       |   (10,)   |
|     4     | joint_vel                       |   (10,)   |
|     5     | actions                         |   (10,)   |
|     6     | gait_phase                      |    (2,)   |
|     7     | base_lin_vel                    |    (3,)   |
|     8     | base_mass                       |    (1,)   |
|     9     | feet_material                   |    (6,)   |
|     10    | actuator_gains                  |   (20,)   |
|     11    | base_com                        |    (3,)   |
+-----------+---------------------------------+-----------+
+---------------------------------------------------------+
| Active Observation Terms in Group: 'amp' (shape: (10, 22)) |
+------------+----------------------------+---------------+
|   Index    | Name                       |     Shape     |
+------------+----------------------------+---------------+
|     0      | joint_pos                  |    (10, 8)    |
|     1      | joint_vel                  |    (10, 8)    |
|     2      | end_effort_pos             |    (10, 6)    |
+------------+----------------------------+---------------+
+-----------------------------------------------------------+
| Active Observation Terms in Group: 'privileged' (shape: (30,)) |
+-------------+-------------------------------+-------------+
|    Index    | Name                          |    Shape    |
+-------------+-------------------------------+-------------+
|      0      | base_mass                     |     (1,)    |
|      1      | feet_material                 |     (6,)    |
|      2      | actuator_gains                |    (20,)    |
|      3      | base_com                      |     (3,)    |
+-------------+-------------------------------+-------------+

[INFO] Termination Manager:  <TerminationManager> contains 3 active terms.
+------------------------------------------+
|         Active Termination Terms         |
+-------+-----------------------+----------+
| Index | Name                  | Time Out |
+-------+-----------------------+----------+
|   0   | time_out              |   True   |
|   1   | terrain_out_of_bounds |   True   |
|   2   | illegal_contact       |  False   |
+-------+-----------------------+----------+

[INFO] Reward Manager:  <RewardManager> contains 36 active terms.
+----------------------------------------------+
|             Active Reward Terms              |
+-------+--------------------------+-----------+
| Index | Name                     |    Weight |
+-------+--------------------------+-----------+
|   0   | is_terminated            |    -200.0 |
|   1   | lin_vel_z_l2             |      -2.0 |
|   2   | ang_vel_xy_l2            |      -0.1 |
|   3   | base_height_l2           |     -10.0 |
|   4   | joint_torques_l2         | -1.25e-05 |
|   5   | joint_vel_l2             |    -5e-05 |
|   6   | joint_acc_l2             |  -2.5e-07 |
|   7   | joint_pos_limits         |      -2.0 |
|   8   | joint_power              |    -2e-05 |
|   9   | stand_still              |      -3.0 |
|   10  | action_rate_l2           |      -0.2 |
|   11  | undesired_contacts       |      -5.0 |
|   12  | track_lin_vel_xy_exp     |       5.0 |
|   13  | track_ang_vel_z_exp      |       4.0 |
|   14  | feet_air_time            |       1.0 |
|   15  | feet_slide               |     -0.25 |
|   16  | feet_clearance           |       2.0 |
|   17  | feet_distance_y_exp      |       3.0 |
|   18  | feet_landing_vel         |     -0.25 |
|   19  | joint_vel_wheel_l2       |    -0.005 |
|   20  | joint_acc_wheel_l2       |  -1.5e-07 |
|   21  | joint_torques_wheel_l2   |  -0.00016 |
|   22  | bipedal_gait_reward      |       3.0 |
|   23  | feet_distance_penalize   |    -100.0 |
|   24  | stop_motion              |      -3.0 |
|   25  | action_smoothness        |    -0.075 |
|   26  | keep_alive               |      0.15 |
|   27  | joint_deviation_hip      |      -0.3 |
|   28  | joint_deviation_ankle    |      -0.2 |
|   29  | joint_deviation_legs     |     -0.02 |
|   30  | body_orientation_l2      |      -5.0 |
|   31  | ankle_torque             |    -0.001 |
|   32  | ankle_torque_limit       |     -0.01 |
|   33  | ankle_action             |    -0.002 |
|   34  | penalize_hip_roll_action |      -1.0 |
|   35  | feet_impact_reduction    |   -0.0025 |
+-------+--------------------------+-----------+

[INFO] Curriculum Manager:  <CurriculumManager> contains 0 active terms.
+----------------------+
| Active Curriculum Terms |
+-----------+----------+
|   Index   | Name     |
+-----------+----------+
+-----------+----------+

[INFO]: Completed setting up the environment...
--------------------------------------------------------------------------------
Resolved observation sets: 
	 policy :  ['policy']
	 critic :  ['critic']
	 amp :  ['amp']
	 privileged :  ['privileged']
--------------------------------------------------------------------------------Loading user config located at: '/home/young/miniconda3/envs/isaacsim-5.1/lib/python3.11/site-packages/isaacsim/kit/data/Kit/Isaac-Sim/5.1/user.config.json'
[Info] [carb] Logging to file: /home/young/miniconda3/envs/isaacsim-5.1/lib/python3.11/site-packages/isaacsim/kit/logs/Kit/Isaac-Sim/5.1/kit_20260907_220754.log

|---------------------------------------------------------------------------------------------|
| Driver Version: 580.173.02    | Graphics API: Vulkan
|=============================================================================================|
| GPU | Name                             | Active | LDA | GPU Memory | Vendor-ID | LUID       |
|     |                                  |        |     |            | Device-ID | UUID       |
|     |                                  |        |     |            | Bus-ID    |            |
|---------------------------------------------------------------------------------------------|
| 0   | NVIDIA GeForce RTX 4080 SUPER    | Yes: 0 |     | 16376   MB | 10de      | 0          |
|     |                                  |        |     |            | 2702      | eb541e47.. |
|     |                                  |        |     |            | 1         |            |
|=============================================================================================|
| OS: 22.04.5 LTS (Jammy Jellyfish) ubuntu, Version: 22.04.5, Kernel: 6.8.0-138-generic
| XServer Vendor: The X.Org Foundation, XServer Version: 12101004 (1.21.1.4)
| Processor: Intel(R) Core(TM) i7-14700KF
| Cores: 20 | Logical Cores: 28
|---------------------------------------------------------------------------------------------|
| Total Memory (MB): 64085 | Free Memory: 56002
| Total Page/Swap (MB): 2047 | Free Page/Swap: 2047
|---------------------------------------------------------------------------------------------|
2026-09-07T14:07:54Z [538ms] [Warning] [gpu.foundation.plugin] CPU performance profile is set to powersave. This profile sets the CPU to the lowest frequency reducing performance.
2026-09-07T14:07:54Z [546ms] [Warning] [gpu.foundation.plugin] IOMMU is enabled.
2026-09-07T14:07:55Z [1,734ms] [Warning] [omni.log] Source: omni.hydra was already registered.
2026-09-07T14:07:56Z [1,929ms] [Warning] [carb] Acquiring non optional plugin interface which is not listed as dependency: [omni::physx::IPhysxBenchmarks v1.0] (plugin: <default plugin>), by client: omni.physics.physx.plugin. Add it to CARB_PLUGIN_IMPL_DEPS() macro of a client.
2026-09-07T14:07:56Z [1,939ms] [Warning] [omni.isaac.dynamic_control] omni.isaac.dynamic_control is deprecated as of Isaac Sim 4.5. No action is needed from end-users.
2026-09-07T14:07:57Z [3,527ms] [Warning] [pxr.Semantics] pxr.Semantics is deprecated - please use Semantics instead
2026-09-07T14:07:57Z [3,627ms] [Warning] [omni.graph.core.plugin] Found duplicate of category 'Replicator' - was 'Annotators', adding 'Fabric Reader'
2026-09-07T14:07:57Z [3,627ms] [Warning] [omni.graph.core.plugin] Category 'Replicator' not accepted on node type 'omni.replicator.core.FabricReader' in extension 'omni.replicator.core'
2026-09-07T14:07:57Z [3,628ms] [Warning] [omni.replicator.core.scripts.extension] No material configuration file, adding configuration to material settings directly.
2026-09-07T14:08:00Z [6,029ms] [Warning] [omni.fabric.plugin] Warning: attribute viewportHandle not found for bucket id 7

2026-09-07T14:08:07Z [13,094ms] [Warning] [omni.physx.fabric.plugin] FabricManager::initializePointInstancer mismatched prototypes on point instancer: /Visuals/Command/velocity_goal.
2026-09-07T14:08:07Z [13,094ms] [Warning] [omni.physx.fabric.plugin] FabricManager::initializePointInstancer mismatched prototypes on point instancer: /Visuals/Command/velocity_current.
2026-09-07T14:08:08Z [14,824ms] [Warning] [omni.physx.fabric.plugin] FabricManager::initializePointInstancer mismatched prototypes on point instancer: /Visuals/Command/velocity_current.
2026-09-07T14:08:08Z [14,824ms] [Warning] [omni.physx.fabric.plugin] FabricManager::initializePointInstancer mismatched prototypes on point instancer: /Visuals/Command/velocity_goal.
2026-09-07T14:08:08Z [14,845ms] [Warning] [omni.fabric.plugin] getAttributeCount called on non-existent path /World/envs/env_0/Robot/right_wheel_link/visuals/right_wheel/node_STL_BINARY_
2026-09-07T14:08:08Z [14,845ms] [Warning] [omni.fabric.plugin] getTypes called on non-existent path /World/envs/env_0/Robot/right_wheel_link/visuals/right_wheel/node_STL_BINARY_
2026-09-07T14:08:09Z [15,514ms] [Error] [gpu.foundation.plugin] Couldn't process https://omniverse-content-production.s3-us-west-2.amazonaws.com/Assets/Isaac/5.1/Isaac/Materials/Textures/Skies/PolyHaven/kloofendal_43d_clear_puresky_4k.hdr, it might not have written completely. Reason: Failed to load image: bad RLE data in HDR
2026-09-07T14:08:09Z [15,514ms] [Error] [rtx.scenedb.plugin] Failed to upload DomeLight texture https://omniverse-content-production.s3-us-west-2.amazonaws.com/Assets/Isaac/5.1/Isaac/Materials/Textures/Skies/PolyHaven/kloofendal_43d_clear_puresky_4k.hdr

ActorCriticROA.__init__ 收到未知参数，将被忽略: ['state_dependent_std']
[AMP] Time between frames (step_dt) set to: 0.02s
traj_len:9.966000000000001
[Warning] LoopMode=Wrap ignored for non-continuous motion: source/robot_lab/robot_lab/datasets/LW/motion_amp_expert/motion_vx-0.35_vy0.00_wz0.00.txt. History boundaries will be clamped instead.
Loaded 9.966000000000001s. motion from source/robot_lab/robot_lab/datasets/LW/motion_amp_expert/motion_vx-0.35_vy0.00_wz0.00.txt.
traj_len:9.966000000000001
[Warning] LoopMode=Wrap ignored for non-continuous motion: source/robot_lab/robot_lab/datasets/LW/motion_amp_expert/motion_vx-0.70_vy0.00_wz0.00.txt. History boundaries will be clamped instead.
Loaded 9.966000000000001s. motion from source/robot_lab/robot_lab/datasets/LW/motion_amp_expert/motion_vx-0.70_vy0.00_wz0.00.txt.
traj_len:9.966000000000001
[Warning] LoopMode=Wrap ignored for non-continuous motion: source/robot_lab/robot_lab/datasets/LW/motion_amp_expert/motion_vx0.00_vy0.00_wz0.00.txt. History boundaries will be clamped instead.
Loaded 9.966000000000001s. motion from source/robot_lab/robot_lab/datasets/LW/motion_amp_expert/motion_vx0.00_vy0.00_wz0.00.txt.
traj_len:9.966000000000001
[Warning] LoopMode=Wrap ignored for non-continuous motion: source/robot_lab/robot_lab/datasets/LW/motion_amp_expert/motion_vx0.35_vy0.00_wz0.00.txt. History boundaries will be clamped instead.
Loaded 9.966000000000001s. motion from source/robot_lab/robot_lab/datasets/LW/motion_amp_expert/motion_vx0.35_vy0.00_wz0.00.txt.
traj_len:9.966000000000001
[Warning] LoopMode=Wrap ignored for non-continuous motion: source/robot_lab/robot_lab/datasets/LW/motion_amp_expert/motion_vx0.70_vy0.00_wz0.00.txt. History boundaries will be clamped instead.
Loaded 9.966000000000001s. motion from source/robot_lab/robot_lab/datasets/LW/motion_amp_expert/motion_vx0.70_vy0.00_wz0.00.txt.
Preloading 200000 transitions
Finished preloading
AMP Observation Dim: 220
AMP Frame Dim for Normalizer: 22
[AMP_ROA_PPO] 忽略了多余的配置参数: ['rnd_cfg', 'symmetry_cfg', 'priv_reg_coef_schedule_resume']
[AMP ROA Resume] Overriding priv_reg_coef_schedule with [0.0, 0.1, 0, 1]
[INFO] Evaluation result: /home/young/liufengrong/robot_lab/learnings/policy_tuning/RobotLab-Isaac-Velocity-Flat-LW-leg-Amp-Roa-v0/2026-09-04_11-16-35/evidence/play/turn-followup-right-ramp-20260907-001/result.json
2026-09-07T14:08:09Z [15,561ms] [Warning] [omni.syntheticdata.plugin] OgnSdPostRenderVarToHost : rendervar copy from texture directly to host buffer is counter-performant. Please use copy from texture to device buffer first.
2026-09-07T14:08:13Z [19,251ms] [Warning] [carb] Client gpu.foundation.plugin has acquired [gpu::unstable::IMemoryBudgetManagerFactory v0.1] 100 times. Consider accessing this interface with carb::getCachedInterface() (Performance warning)
