{"argv": ["/home/server/miniconda3/envs/isaacsim-5.1/bin/python", "/home/server/liufengrong/robot_lab/scripts/reinforcement_learning/rsl_rl/evaluate_policy.py", "--task", "RobotLab-Isaac-Velocity-Flat-LW-wheel-Roa-v0", "--run_id", "2026-10-02_14-30-02", "--batch_id", "overlap-native-model21000-20261003-001", "--evaluation_id", "native-quick-a01", "--candidate_id", "model_21000", "--checkpoint", "/home/server/liufengrong/robot_lab/logs/rsl_rl/LW_wheel_flat_roa/2026-10-02_14-30-02/model_21000.pt", "--checkpoint_sha256", "330ac2360e010eb4622bfd3d29f65753a14f78a266b1509d641f879e047579c8", "--artifact_kind", "native", "--artifact_path", "/home/server/liufengrong/robot_lab/logs/rsl_rl/LW_wheel_flat_roa/2026-10-02_14-30-02/model_21000.pt", "--artifact_sha256", "330ac2360e010eb4622bfd3d29f65753a14f78a266b1509d641f879e047579c8", "--run_identity_path", "/home/server/liufengrong/robot_lab/learnings/policy_tuning/RobotLab-Isaac-Velocity-Flat-LW-wheel-Roa-v0/2026-10-02_14-30-02/provenance/context-8725ba0fd4fea12981095536d2e69ab4eff6607ab008d1517b807ab9d6400065.json", "--run_identity_file_sha256", "8725ba0fd4fea12981095536d2e69ab4eff6607ab008d1517b807ab9d6400065", "--effective_config_reference_json", "{\"path\": \"/home/server/liufengrong/robot_lab/learnings/policy_tuning/RobotLab-Isaac-Velocity-Flat-LW-wheel-Roa-v0/2026-10-02_14-30-02/provenance/config-dfa33f8c8d272c7a177f09ebd1cf9167d2a9413f6b398785dba55e8953adec94.json\", \"sha256\": \"dfa33f8c8d272c7a177f09ebd1cf9167d2a9413f6b398785dba55e8953adec94\"}", "--scenario_evidence_reference_json", "{\"path\": \"/home/server/liufengrong/robot_lab/learnings/policy_tuning/RobotLab-Isaac-Velocity-Flat-LW-wheel-Roa-v0/2026-10-02_14-30-02/provenance/scenario-f7ae6ad1125250f1641cbf4dc55a11ed42efa6d5c987643b9ad0b1e3d3a77cc2.json\", \"sha256\": \"f7ae6ad1125250f1641cbf4dc55a11ed42efa6d5c987643b9ad0b1e3d3a77cc2\"}", "--scenario_id", "quick-stand-forward-right-stop-noise15", "--scenario_overrides_json", "{\"curriculum.terrain_levels\": null, \"episode_length_s\": 60, \"evaluation.roa_mode\": \"student\", \"events.add_joint_default_pos\": null, \"events.randomize_actuator_gains\": null, \"events.randomize_com_positions\": null, \"events.randomize_push_robot\": null, \"events.randomize_reset_base.params.pose_range\": {\"pitch\": [0, 0], \"roll\": [0, 0], \"x\": [0, 0], \"y\": [0, 0], \"yaw\": [0, 0], \"z\": [0, 0]}, \"events.randomize_reset_base.params.velocity_range\": {\"pitch\": [0, 0], \"roll\": [0, 0], \"x\": [0, 0], \"y\": [0, 0], \"yaw\": [0, 0], \"z\": [0, 0]}, \"events.randomize_reset_joints.params.position_range\": [0, 0], \"events.randomize_reset_joints.params.velocity_range\": [0, 0], \"events.randomize_rigid_body_mass_base\": null, \"events.randomize_rigid_body_mass_others\": null, \"events.randomize_rigid_body_material.params.dynamic_friction_range\": [1, 1], \"events.randomize_rigid_body_material.params.restitution_range\": [0, 0], \"events.randomize_rigid_body_material.params.static_friction_range\": [1, 1], \"observations.policy.enable_corruption\": true, \"scene.robot.actuators.foots.max_delay\": 3, \"scene.robot.actuators.foots.min_delay\": 3, \"scene.robot.actuators.legs.max_delay\": 3, \"scene.robot.actuators.legs.min_delay\": 3, \"scene.robot.actuators.wheels.max_delay\": 3, \"scene.robot.actuators.wheels.min_delay\": 3, \"scene.terrain.terrain_generator\": null, \"scene.terrain.terrain_type\": \"plane\", \"terminations.terrain_out_of_bounds\": null}", "--command_schedule_json", "[{\"command\": [0, 0, 0], \"end_step\": 249, \"start_step\": 0}, {\"command\": [0.5, 0, 0], \"end_step\": 749, \"start_step\": 250}, {\"command\": [0.5, 0, -0.6], \"end_step\": 1499, \"start_step\": 750}, {\"command\": [0, 0, 0], \"end_step\": 1999, \"start_step\": 1500}]", "--duration_steps", "2000", "--num_envs", "1", "--seed", "42", "--result_path", "/home/server/liufengrong/robot_lab/learnings/policy_tuning/RobotLab-Isaac-Velocity-Flat-LW-wheel-Roa-v0/2026-10-02_14-30-02/evaluations/overlap-native-model21000-20261003-001/raw/native-quick-a01/result.json", "--telemetry_path", "/home/server/liufengrong/robot_lab/learnings/policy_tuning/RobotLab-Isaac-Velocity-Flat-LW-wheel-Roa-v0/2026-10-02_14-30-02/evaluations/overlap-native-model21000-20261003-001/raw/native-quick-a01/telemetry.json.gz", "--telemetry_stride", "1", "--headless", "--device", "cuda:0", "--no_video", "--allow_training_overlap"], "resource_mode": "authorized Native training overlap, 1 env, 2000 steps, no video", "environment": {"PYTHONDONTWRITEBYTECODE": "1", "OMP_NUM_THREADS": "1", "MKL_NUM_THREADS": "1", "OPENBLAS_NUM_THREADS": "1"}}
[INFO][AppLauncher]: Using device: cuda:0
[INFO][AppLauncher]: Loading experience file: /home/server/liufengrong/IsaacLab-2.3.2/apps/isaaclab.python.headless.kit
[INFO]: Parsing configuration from: robot_lab.tasks.manager_based.locomotion.velocity.config.LW.LW_Wheel.flat_env_cfg:LWWheelFlatRoaEnvCfg
[INFO]: Parsing configuration from: robot_lab.tasks.manager_based.locomotion.velocity.config.LW.LW_Wheel.agents.rsl_rl_roa_cfg:LWWheelFlatRoaRunnerCfg

[36m======================================================================================[0m
[36m[1m[INFO][IsaacLab]: Logging to file: /tmp/isaaclab/logs/isaaclab_2026-10-03_00-04-51.log[0m
[36m======================================================================================[0m

[33m00:04:51 [simulation_context.py] WARNING: The `enable_external_forces_every_iteration` parameter in the PhysxCfg is set to False. If you are experiencing noisy velocities, consider enabling this flag. You may need to slightly increase the number of velocity iterations (setting it to 1 or 2 rather than 0), together with this flag, to improve the accuracy of velocity updates.[0m
[INFO]: Base environment:
	Environment device    : cuda:0
	Environment seed      : 42
	Physics step-size     : 0.005
	Rendering step-size   : 0.02
	Environment step-size : 0.02
[33m00:04:51 [terrain_importer.py] WARNING: Visual material specified for ground plane but no diffuse color found. Using default color: (0.0, 0.0, 0.0)[0m
[INFO]: Time taken for scene creation : 2.056515 seconds
[INFO]: Scene manager:  <class InteractiveScene>
	Number of environments: 1
	Environment spacing   : 2.5
	Source prim name      : /World/envs/env_0
	Global prim paths     : ['/World/ground']
	Replicate physics     : True
[INFO]: Starting the simulation. This may take a few seconds. Please wait...
[INFO]: Time taken for simulation start : 0.547422 seconds
[33m00:04:54 [velocity_command.py] WARNING: The velocity command has the 'ranges.heading' attribute set to '(-1.5707963267948966, 1.5707963267948966)' but the heading command is not active. Consider setting the flag for the heading command to True.[0m
Loading user config located at: '/home/server/miniconda3/envs/isaacsim-5.1/lib/python3.11/site-packages/isaacsim/kit/data/Kit/Isaac-Sim/5.1/user.config.json'
[Info] [carb] Logging to file: /home/server/miniconda3/envs/isaacsim-5.1/lib/python3.11/site-packages/isaacsim/kit/logs/Kit/Isaac-Sim/5.1/kit_20261003_000446.log
2026-10-02T16:04:46Z [55ms] [Warning] [omni.usd_config.extension] Enable omni.materialx.libs extension to use MaterialX
2026-10-02T16:04:46Z [324ms] [Warning] [carb] Acquiring non optional plugin interface which is not listed as dependency: [omni::physx::IPhysxBenchmarks v1.0] (plugin: <default plugin>), by client: omni.physics.physx.plugin. Add it to CARB_PLUGIN_IMPL_DEPS() macro of a client.
2026-10-02T16:04:46Z [329ms] [Warning] [omni.isaac.dynamic_control] omni.isaac.dynamic_control is deprecated as of Isaac Sim 4.5. No action is needed from end-users.
2026-10-02T16:04:48Z [2,950ms] [Warning] [gpu.foundation.plugin] Skipping unsupported non-NVIDIA GPU: Intel(R) Graphics (ARL)
2026-10-02T16:04:48Z [2,950ms] [Warning] [gpu.foundation.plugin] Skipping unsupported non-NVIDIA GPU: Intel(R) Graphics (ARL)

|---------------------------------------------------------------------------------------------|
| Driver Version: 580.173.02    | Graphics API: Vulkan
|=============================================================================================|
| GPU | Name                             | Active | LDA | GPU Memory | Vendor-ID | LUID       |
|     |                                  |        |     |            | Device-ID | UUID       |
|     |                                  |        |     |            | Bus-ID    |            |
|---------------------------------------------------------------------------------------------|
| 0   | NVIDIA GeForce RTX 5090 D        | Yes: 0 |     | 32607   MB | 10de      | 0          |
|     |                                  |        |     |            | 2b87      | efbac165.. |
|     |                                  |        |     |            | 2         |            |
|---------------------------------------------------------------------------------------------|
| 1   | Intel(R) Graphics (ARL)          |        |     | 71857   MB | 8086      | 0          |
|     |                                  |        |     |            | 7d67      | 8680677d.. |
|     |                                  |        |     |            | 0         |            |
|=============================================================================================|
| OS: 24.04.4 LTS (Noble Numbat) ubuntu, Version: 24.04.4, Kernel: 7.0.0-31-generic
| XServer Vendor: The X.Org Foundation, XServer Version: 12101011 (1.21.1.11)
| Processor: Intel(R) Core(TM) Ultra 7 265K
| Cores: 20 | Logical Cores: 20
|---------------------------------------------------------------------------------------------|
| Total Memory (MB): 95810 | Free Memory: 82043
| Total Page/Swap (MB): 8191 | Free Page/Swap: 8191
|---------------------------------------------------------------------------------------------|
2026-10-02T16:04:49Z [3,167ms] [Warning] [gpu.foundation.plugin] CPU performance profile is set to powersave. This profile sets the CPU to the lowest frequency reducing performance.
2026-10-02T16:04:49Z [3,188ms] [Warning] [gpu.foundation.plugin] IOMMU is enabled.
2026-10-02T16:04:49Z [3,188ms] [Warning] [gpu.foundation.plugin] Detected IOMMU is enabled. Running CUDA peer-to-peer bandwidth and latency validation.
Unidirectional P2P=Enabled Bandwidth (P2P Writes) Matrix (GB/s)
   D\D     0 
     0 1525.88 
P2P=Enabled Latency (P2P Writes) Matrix (us)
   GPU     0 
     0   2.06 

   CPU     0 
     0   1.58 
2026-10-02T16:04:49Z [3,218ms] [Warning] [omni.kvdb.plugin] Disabling key-value database because another kit process is locking it
2026-10-02T16:04:54Z [8,736ms] [Warning] [omni.physx.fabric.plugin] FabricManager::initializePointInstancer mismatched prototypes on point instancer: /Visuals/Command/velocity_current.
2026-10-02T16:04:54Z [8,736ms] [Warning] [omni.physx.fabric.plugin] FabricManager::initializePointInstancer mismatched prototypes on point instancer: /Visuals/Command/velocity_goal.
2026-10-02T16:05:31Z [45,311ms] [Error] [carb] 

../../../source/plugins/carb.tasking/Mutex.cpp(103): void carb::tasking::Mutex::lock()(): Assertion (m_recursive) failed: Recursion not allowed

Assertion Failed!
The following assertion condition failed in the process 591334:
	'm_recursive'

at the location:
	'../../../source/plugins/carb.tasking/Mutex.cpp'
	on line 103
	 in void carb::tasking::Mutex::lock()()

with the message:
	"Recursion not allowed"

Press ABORT to exit.
Press RETRY to debug (attach a debugger first).
Press IGNORE to attempt to continue.
