{"argv": ["/home/young/miniconda3/envs/isaacsim-5.1/bin/python", "-c", "\nimport sys,runpy,json,gzip,hashlib,os\nfrom pathlib import Path\nargs=sys.argv[1:];script=Path(args[0]);out=Path(args[args.index('--result_path')+1]).parent\ntrace_path=out/'model_inputs.jsonl.gz';temp=out/'.model_inputs-attempt.jsonl.gz'\nraw_file=temp.open('xb');compressed=gzip.GzipFile(filename='',mode='wb',fileobj=raw_file,mtime=0)\nlast_raw=None;pending=None;count=0;source_paths=set();metadata=None\n\ndef tensor(value):\n    return value.detach().cpu().clone().tolist()\ndef indices(value,count):\n    return list(range(count))[value] if isinstance(value,slice) else list(value)\ndef profile(frame,event,arg):\n    global last_raw,pending,count,metadata\n    name=frame.f_code.co_name;filename=frame.f_code.co_filename\n    if event=='return' and name=='joint_pos_rel_without_wheel' and filename.endswith('/observations.py') and arg is not None:\n        parent=frame.f_back\n        if parent is None or parent.f_locals.get('group_name')!='policy':return\n        loc=frame.f_locals;asset=loc['asset'];cfg=loc['asset_cfg'];wheel=loc['wheel_asset_cfg'];natural=list(asset.joint_names)\n        ids=indices(cfg.joint_ids,len(natural));wids=indices(wheel.joint_ids,len(natural));env=loc['env']\n        last_raw={'source_file':filename,'group':'policy','episode_step':int(env.episode_length_buf[0].item()),'native_joint_names':natural,'policy_joint_ids':ids,'policy_joint_names':[natural[i] for i in ids],'wheel_native_ids':wids,'wheel_names':[natural[i] for i in wids],'q_native':tensor(asset.data.joint_pos[0]),'default_q_native':tensor(asset.data.default_joint_pos[0]),'function_output_before_noise':tensor(arg[0])}\n        source_paths.add(filename)\n    elif name=='act_inference' and filename.endswith('/actor_critic_roa.py'):\n        if event=='call':\n            parent=frame.f_back\n            while parent is not None and parent.f_code.co_name!='_evaluate':parent=parent.f_back\n            if parent is None:return\n            obs=frame.f_locals['obs']['policy'];env=parent.f_locals['env'].unwrapped;robot=env.scene['robot']\n            pending={'step':int(parent.f_locals['step']),'episode_step':int(env.episode_length_buf[0].item()),'phase':'before_native_inference','policy_observation_shape':list(obs.shape),'model_input_flat':tensor(obs.flatten(1)[0]),'raw_observation_function':last_raw,'q_native_at_inference':tensor(robot.data.joint_pos[0]),'default_q_native_at_inference':tensor(robot.data.default_joint_pos[0]),'root_quaternion_wxyz_at_inference':tensor(robot.data.root_quat_w[0]),'command':tensor(env.command_manager.get_command('base_velocity')[0]),'processed_policy_obs_calls':[]}\n            source_paths.add(filename)\n            if metadata is None:\n                manager=env.observation_manager;names=manager._group_obs_term_names['policy'];cfgs=manager._group_obs_term_cfgs['policy'];jcfg=cfgs[names.index('joint_pos')]\n                metadata={'version':1,'capture_method':'sys.setprofile call/return observer; no source, arguments, function outputs or tensors modified','timing':'input copied at actual ActorCriticROA.act_inference entry; output copied on return','step_dt':float(env.step_dt),'observation_terms':names,'joint_position_noise':{'enabled':bool(env.cfg.observations.policy.enable_corruption),'operation':jcfg.noise.operation,'n_min':float(jcfg.noise.n_min),'n_max':float(jcfg.noise.n_max)},'normalizer_type':type(frame.f_locals['self'].actor_obs_normalizer).__name__}\n        elif event=='return' and pending is not None:\n            pending['native_action']=tensor(arg[0]);compressed.write((json.dumps(pending,separators=(',',':'),allow_nan=False)+'\\n').encode());count+=1;pending=None\n    elif event=='return' and name=='_process_policy_obs' and filename.endswith('/actor_critic_roa.py') and pending is not None and arg is not None:\n        pending['processed_policy_obs_calls'].append({'current_frame':tensor(arg[0][0]),'flat_history':tensor(arg[1][0])})\n\nsys.path.insert(0,str(script.parent));sys.argv=args\nsuccess=False\ntry:\n    sys.setprofile(profile)\n    runpy.run_path(str(script),run_name='__main__')\n    success=True\nfinally:\n    sys.setprofile(None);compressed.close();raw_file.close()\n    if success and count==500:\n        os.link(temp,trace_path);temp.unlink()\n        metadata['samples']=count;metadata['trace_sha256']=hashlib.sha256(trace_path.read_bytes()).hexdigest();metadata['runtime_sources']=[{'path':p,'sha256':hashlib.sha256(Path(p).read_bytes()).hexdigest()} for p in sorted(source_paths)]\n        with (out/'model_input_trace_metadata.json').open('x') as stream:json.dump(metadata,stream,indent=2)\n    else:\n        raise RuntimeError(f'incomplete trace: success={success}, samples={count}')\n", "/home/young/liufengrong/robot_lab/scripts/reinforcement_learning/rsl_rl/evaluate_policy.py", "--task", "RobotLab-Isaac-Velocity-Flat-LW-leg-Amp-Roa-v0", "--run_id", "2026-09-04_11-16-35", "--batch_id", "isaac-model-input-20260911-001", "--evaluation_id", "stand-trace-a01", "--candidate_id", "model_50000", "--checkpoint", "/home/young/liufengrong/robot_lab/logs/rsl_rl/LW_leg_flat_amp_roa/2026-09-04_11-16-35/model_50000.pt", "--checkpoint_sha256", "59ab5245acb17de8ea1b79e924c2f0189765be3c51c85f437b22b8e2423b0e19", "--artifact_kind", "native", "--artifact_path", "/home/young/liufengrong/robot_lab/logs/rsl_rl/LW_leg_flat_amp_roa/2026-09-04_11-16-35/model_50000.pt", "--artifact_sha256", "59ab5245acb17de8ea1b79e924c2f0189765be3c51c85f437b22b8e2423b0e19", "--run_identity_path", "/home/young/liufengrong/robot_lab/learnings/policy_tuning/RobotLab-Isaac-Velocity-Flat-LW-leg-Amp-Roa-v0/2026-09-04_11-16-35/provenance/context-09384ce54946455e5b0d358798a4a4ecffd22ed40dcfb90259037663e8388882.json", "--run_identity_file_sha256", "09384ce54946455e5b0d358798a4a4ecffd22ed40dcfb90259037663e8388882", "--effective_config_reference_json", "{\"path\": \"/home/young/liufengrong/robot_lab/learnings/policy_tuning/RobotLab-Isaac-Velocity-Flat-LW-leg-Amp-Roa-v0/2026-09-04_11-16-35/provenance/config-60b130fed4816625417deec5d99ba9ddd74eb87f4922dbcbe81bd84bc7920a74.json\", \"sha256\": \"60b130fed4816625417deec5d99ba9ddd74eb87f4922dbcbe81bd84bc7920a74\"}", "--scenario_evidence_reference_json", "{\"path\": \"/home/young/liufengrong/robot_lab/learnings/policy_tuning/RobotLab-Isaac-Velocity-Flat-LW-leg-Amp-Roa-v0/2026-09-04_11-16-35/provenance/scenario-a22cf1efe130d7439070f2acdf2ca9a008ab886633a31a57615a06d1d3815554.json\", \"sha256\": \"a22cf1efe130d7439070f2acdf2ca9a008ab886633a31a57615a06d1d3815554\"}", "--scenario_id", "stand-model-input-trace", "--scenario_overrides_json", "{\"events.randomize_push_robot\": null, \"episode_length_s\": 65.0}", "--command_schedule_json", "[{\"start_step\": 0, \"end_step\": 499, \"command\": [0, 0, 0]}]", "--duration_steps", "500", "--num_envs", "1", "--seed", "42", "--result_path", "/home/young/liufengrong/robot_lab/learnings/policy_tuning/RobotLab-Isaac-Velocity-Flat-LW-leg-Amp-Roa-v0/2026-09-04_11-16-35/evaluations/isaac-model-input-20260911-001/raw/stand-trace-a01/result.json", "--telemetry_path", "/home/young/liufengrong/robot_lab/learnings/policy_tuning/RobotLab-Isaac-Velocity-Flat-LW-leg-Amp-Roa-v0/2026-09-04_11-16-35/evaluations/isaac-model-input-20260911-001/raw/stand-trace-a01/telemetry.json.gz", "--telemetry_stride", "1", "--headless", "--device", "cuda:0", "--require_idle_gpu", "--no_video"]}
[INFO][AppLauncher]: Using device: cuda:0
[INFO][AppLauncher]: Loading experience file: /home/young/liufengrong/IsaacLab-2.3.2/apps/isaaclab.python.headless.kit
[INFO]: Parsing configuration from: robot_lab.tasks.manager_based.locomotion.velocity.config.LW.LW_Leg.flat_env_cfg:LWLegFlatAmpRoaEnvCfg
[INFO]: Parsing configuration from: robot_lab.tasks.manager_based.locomotion.velocity.config.LW.LW_Leg.agents.rsl_rl_amp_roa_cfg:LWFlatAmpRoaRunnerCfg

[36m======================================================================================[0m
[36m[1m[INFO][IsaacLab]: Logging to file: /tmp/isaaclab/logs/isaaclab_2026-09-11_11-30-33.log[0m
[36m======================================================================================[0m

[33m11:30:33 [simulation_context.py] WARNING: The `enable_external_forces_every_iteration` parameter in the PhysxCfg is set to False. If you are experiencing noisy velocities, consider enabling this flag. You may need to slightly increase the number of velocity iterations (setting it to 1 or 2 rather than 0), together with this flag, to improve the accuracy of velocity updates.[0m
[INFO]: Base environment:
	Environment device    : cuda:0
	Environment seed      : 42
	Physics step-size     : 0.005
	Rendering step-size   : 0.02
	Environment step-size : 0.02
[INFO] Generating terrains based on curriculum took : 0.067048 seconds
[INFO]: Time taken for scene creation : 0.255088 seconds
[INFO]: Scene manager:  <class InteractiveScene>
	Number of environments: 1
	Environment spacing   : 2.5
	Source prim name      : /World/envs/env_0
	Global prim paths     : ['/World/ground']
	Replicate physics     : True
[INFO]: Starting the simulation. This may take a few seconds. Please wait...
[INFO]: Time taken for simulation start : 0.479062 seconds
[33m11:30:37 [velocity_command.py] WARNING: The velocity command has the 'ranges.heading' attribute set to '(-0.5235987755982988, 0.5235987755982988)' but the heading command is not active. Consider setting the flag for the heading command to True.[0m
[INFO] Command Manager:  <CommandManager> contains 1 active terms.
+------------------------------------------------+
|              Active Command Terms              |
+-------+---------------+------------------------+
| Index | Name          |          Type          |
+-------+---------------+------------------------+
|   0   | base_velocity | UniformVelocityCommand |
+-------+---------------+------------------------+

[INFO] Event Manager:  <EventManager> contains 2 active terms.
+------------------------------------------+
|  Active Event Terms in Mode: 'startup'   |
+-------+----------------------------------+
| Index | Name                             |
+-------+----------------------------------+
|   0   | randomize_rigid_body_material    |
|   1   | randomize_rigid_body_mass_base   |
|   2   | randomize_rigid_body_mass_others |
|   3   | randomize_com_positions          |
|   4   | add_joint_default_pos            |
+-------+----------------------------------+
+--------------------------------------+
| Active Event Terms in Mode: 'reset'  |
+--------+-----------------------------+
| Index  | Name                        |
+--------+-----------------------------+
|   0    | randomize_reset_joints      |
|   1    | randomize_actuator_gains    |
|   2    | randomize_reset_base        |
+--------+-----------------------------+

[INFO] Recorder Manager:  <RecorderManager> contains 0 active terms.
+---------------------+
| Active Recorder Terms |
+-----------+---------+
|   Index   | Name    |
+-----------+---------+
+-----------+---------+

[INFO] Action Manager:  <ActionManager> contains 2 active terms.
+------------------------------------+
|  Active Action Terms (shape: 10)   |
+--------+-------------+-------------+
| Index  | Name        |   Dimension |
+--------+-------------+-------------+
|   0    | joint_pos   |           8 |
|   1    | joint_vel   |           2 |
+--------+-------------+-------------+

[INFO] Observation Manager: <ObservationManager> contains 4 groups.
+-------------------------------------------------------------+
| Active Observation Terms in Group: 'policy' (shape: (10, 41)) |
+-----------+--------------------------------+----------------+
|   Index   | Name                           |     Shape      |
+-----------+--------------------------------+----------------+
|     0     | base_ang_vel                   |    (10, 3)     |
|     1     | projected_gravity              |    (10, 3)     |
|     2     | velocity_commands              |    (10, 3)     |
|     3     | joint_pos                      |    (10, 10)    |
|     4     | joint_vel                      |    (10, 10)    |
|     5     | actions                        |    (10, 10)    |
|     6     | gait_phase                     |    (10, 2)     |
+-----------+--------------------------------+----------------+
+---------------------------------------------------------+
| Active Observation Terms in Group: 'critic' (shape: (74,)) |
+-----------+---------------------------------+-----------+
|   Index   | Name                            |   Shape   |
+-----------+---------------------------------+-----------+
|     0     | base_ang_vel                    |    (3,)   |
|     1     | projected_gravity               |    (3,)   |
|     2     | velocity_commands               |    (3,)   |
|     3     | joint_pos                       |   (10,)   |
|     4     | joint_vel                       |   (10,)   |
|     5     | actions                         |   (10,)   |
|     6     | gait_phase                      |    (2,)   |
|     7     | base_lin_vel                    |    (3,)   |
|     8     | base_mass                       |    (1,)   |
|     9     | feet_material                   |    (6,)   |
|     10    | actuator_gains                  |   (20,)   |
|     11    | base_com                        |    (3,)   |
+-----------+---------------------------------+-----------+
+---------------------------------------------------------+
| Active Observation Terms in Group: 'amp' (shape: (10, 22)) |
+------------+----------------------------+---------------+
|   Index    | Name                       |     Shape     |
+------------+----------------------------+---------------+
|     0      | joint_pos                  |    (10, 8)    |
|     1      | joint_vel                  |    (10, 8)    |
|     2      | end_effort_pos             |    (10, 6)    |
+------------+----------------------------+---------------+
+-----------------------------------------------------------+
| Active Observation Terms in Group: 'privileged' (shape: (30,)) |
+-------------+-------------------------------+-------------+
|    Index    | Name                          |    Shape    |
+-------------+-------------------------------+-------------+
|      0      | base_mass                     |     (1,)    |
|      1      | feet_material                 |     (6,)    |
|      2      | actuator_gains                |    (20,)    |
|      3      | base_com                      |     (3,)    |
+-------------+-------------------------------+-------------+

[INFO] Termination Manager:  <TerminationManager> contains 3 active terms.
+------------------------------------------+
|         Active Termination Terms         |
+-------+-----------------------+----------+
| Index | Name                  | Time Out |
+-------+-----------------------+----------+
|   0   | time_out              |   True   |
|   1   | terrain_out_of_bounds |   True   |
|   2   | illegal_contact       |  False   |
+-------+-----------------------+----------+

[INFO] Reward Manager:  <RewardManager> contains 36 active terms.
+----------------------------------------------+
|             Active Reward Terms              |
+-------+--------------------------+-----------+
| Index | Name                     |    Weight |
+-------+--------------------------+-----------+
|   0   | is_terminated            |    -200.0 |
|   1   | lin_vel_z_l2             |      -2.0 |
|   2   | ang_vel_xy_l2            |      -0.1 |
|   3   | base_height_l2           |     -10.0 |
|   4   | joint_torques_l2         | -1.25e-05 |
|   5   | joint_vel_l2             |    -5e-05 |
|   6   | joint_acc_l2             |  -2.5e-07 |
|   7   | joint_pos_limits         |      -2.0 |
|   8   | joint_power              |    -2e-05 |
|   9   | stand_still              |      -3.0 |
|   10  | action_rate_l2           |      -0.2 |
|   11  | undesired_contacts       |      -5.0 |
|   12  | track_lin_vel_xy_exp     |       5.0 |
|   13  | track_ang_vel_z_exp      |       4.0 |
|   14  | feet_air_time            |       1.0 |
|   15  | feet_slide               |     -0.25 |
|   16  | feet_clearance           |       2.0 |
|   17  | feet_distance_y_exp      |       3.0 |
|   18  | feet_landing_vel         |     -0.25 |
|   19  | joint_vel_wheel_l2       |    -0.005 |
|   20  | joint_acc_wheel_l2       |  -1.5e-07 |
|   21  | joint_torques_wheel_l2   |  -0.00016 |
|   22  | bipedal_gait_reward      |       3.0 |
|   23  | feet_distance_penalize   |    -100.0 |
|   24  | stop_motion              |      -3.0 |
|   25  | action_smoothness        |    -0.075 |
|   26  | keep_alive               |      0.15 |
|   27  | joint_deviation_hip      |      -0.3 |
|   28  | joint_deviation_ankle    |      -0.2 |
|   29  | joint_deviation_legs     |     -0.02 |
|   30  | body_orientation_l2      |      -5.0 |
|   31  | ankle_torque             |    -0.001 |
|   32  | ankle_torque_limit       |     -0.01 |
|   33  | ankle_action             |    -0.002 |
|   34  | penalize_hip_roll_action |      -1.0 |
|   35  | feet_impact_reduction    |   -0.0025 |
+-------+--------------------------+-----------+

[INFO] Curriculum Manager:  <CurriculumManager> contains 0 active terms.
+----------------------+
| Active Curriculum Terms |
+-----------+----------+
|   Index   | Name     |
+-----------+----------+
+-----------+----------+

[INFO]: Completed setting up the environment...
--------------------------------------------------------------------------------
Resolved observation sets: 
	 policy :  ['policy']
	 critic :  ['critic']
	 amp :  ['amp']
	 privileged :  ['privileged']
--------------------------------------------------------------------------------
ActorCriticROA.__init__ 收到未知参数，将被忽略: ['state_dependent_std']
[AMP] Time between frames (step_dt) set to: 0.02s
traj_len:9.966000000000001
[Warning] LoopMode=Wrap ignored for non-continuous motion: source/robot_lab/robot_lab/datasets/LW/motion_amp_expert/motion_vx-0.35_vy0.00_wz0.00.txt. History boundaries will be clamped instead.
Loaded 9.966000000000001s. motion from source/robot_lab/robot_lab/datasets/LW/motion_amp_expert/motion_vx-0.35_vy0.00_wz0.00.txt.
traj_len:9.966000000000001
[Warning] LoopMode=Wrap ignored for non-continuous motion: source/robot_lab/robot_lab/datasets/LW/motion_amp_expert/motion_vx-0.70_vy0.00_wz0.00.txt. History boundaries will be clamped instead.
Loaded 9.966000000000001s. motion from source/robot_lab/robot_lab/datasets/LW/motion_amp_expert/motion_vx-0.70_vy0.00_wz0.00.txt.
traj_len:9.966000000000001
[Warning] LoopMode=Wrap ignored for non-continuous motion: source/robot_lab/robot_lab/datasets/LW/motion_amp_expert/motion_vx0.00_vy0.00_wz0.00.txt. History boundaries will be clamped instead.
Loaded 9.966000000000001s. motion from source/robot_lab/robot_lab/datasets/LW/motion_amp_expert/motion_vx0.00_vy0.00_wz0.00.txt.
traj_len:9.966000000000001
[Warning] LoopMode=Wrap ignored for non-continuous motion: source/robot_lab/robot_lab/datasets/LW/motion_amp_expert/motion_vx0.35_vy0.00_wz0.00.txt. History boundaries will be clamped instead.
Loaded 9.966000000000001s. motion from source/robot_lab/robot_lab/datasets/LW/motion_amp_expert/motion_vx0.35_vy0.00_wz0.00.txt.
traj_len:9.966000000000001
[Warning] LoopMode=Wrap ignored for non-continuous motion: source/robot_lab/robot_lab/datasets/LW/motion_amp_expert/motion_vx0.70_vy0.00_wz0.00.txt. History boundaries will be clamped instead.
Loaded 9.966000000000001s. motion from source/robot_lab/robot_lab/datasets/LW/motion_amp_expert/motion_vx0.70_vy0.00_wz0.00.txt.
Preloading 200000 transitions
Finished preloading
AMP Observation Dim: 220
AMP Frame Dim for Normalizer: 22
[AMP_ROA_PPO] 忽略了多余的配置参数: ['rnd_cfg', 'symmetry_cfg', 'priv_reg_coef_schedule_resume']
[AMP ROA Resume] Overriding priv_reg_coef_schedule with [0.0, 0.1, 0, 1]
[INFO] Evaluation result: /home/young/liufengrong/robot_lab/learnings/policy_tuning/RobotLab-Isaac-Velocity-Flat-LW-leg-Amp-Roa-v0/2026-09-04_11-16-35/evaluations/isaac-model-input-20260911-001/raw/stand-trace-a01/result.json
Loading user config located at: '/home/young/miniconda3/envs/isaacsim-5.1/lib/python3.11/site-packages/isaacsim/kit/data/Kit/Isaac-Sim/5.1/user.config.json'
[Info] [carb] Logging to file: /home/young/miniconda3/envs/isaacsim-5.1/lib/python3.11/site-packages/isaacsim/kit/logs/Kit/Isaac-Sim/5.1/kit_20260911_113027.log
2026-09-11T03:30:27Z [269ms] [Warning] [omni.usd_config.extension] Enable omni.materialx.libs extension to use MaterialX
2026-09-11T03:30:28Z [853ms] [Warning] [carb] Acquiring non optional plugin interface which is not listed as dependency: [omni::physx::IPhysxBenchmarks v1.0] (plugin: <default plugin>), by client: omni.physics.physx.plugin. Add it to CARB_PLUGIN_IMPL_DEPS() macro of a client.
2026-09-11T03:30:28Z [868ms] [Warning] [omni.isaac.dynamic_control] omni.isaac.dynamic_control is deprecated as of Isaac Sim 4.5. No action is needed from end-users.

|---------------------------------------------------------------------------------------------|
| Driver Version: 580.173.02    | Graphics API: Vulkan
|=============================================================================================|
| GPU | Name                             | Active | LDA | GPU Memory | Vendor-ID | LUID       |
|     |                                  |        |     |            | Device-ID | UUID       |
|     |                                  |        |     |            | Bus-ID    |            |
|---------------------------------------------------------------------------------------------|
| 0   | NVIDIA GeForce RTX 4080 SUPER    | Yes: 0 |     | 16376   MB | 10de      | 0          |
|     |                                  |        |     |            | 2702      | eb541e47.. |
|     |                                  |        |     |            | 1         |            |
|=============================================================================================|
| OS: 22.04.5 LTS (Jammy Jellyfish) ubuntu, Version: 22.04.5, Kernel: 6.8.0-138-generic
| XServer Vendor: The X.Org Foundation, XServer Version: 12101004 (1.21.1.4)
| Processor: Intel(R) Core(TM) i7-14700KF
| Cores: 20 | Logical Cores: 28
|---------------------------------------------------------------------------------------------|
| Total Memory (MB): 64085 | Free Memory: 57543
| Total Page/Swap (MB): 2047 | Free Page/Swap: 2047
|---------------------------------------------------------------------------------------------|
2026-09-11T03:30:31Z [4,028ms] [Warning] [gpu.foundation.plugin] CPU performance profile is set to powersave. This profile sets the CPU to the lowest frequency reducing performance.
2026-09-11T03:30:31Z [4,037ms] [Warning] [gpu.foundation.plugin] IOMMU is enabled.
2026-09-11T03:30:37Z [9,843ms] [Warning] [omni.physx.fabric.plugin] FabricManager::initializePointInstancer mismatched prototypes on point instancer: /Visuals/Command/velocity_goal.
2026-09-11T03:30:37Z [9,843ms] [Warning] [omni.physx.fabric.plugin] FabricManager::initializePointInstancer mismatched prototypes on point instancer: /Visuals/Command/velocity_current.
